# Background task b0cab4bddde461a74 — output will appear here
src/agent/platform/tools:
total 128
-rw-r--r--@  1 czj  staff    521  3月 11 16:57 __init__.py
drwxr-xr-x@  9 czj  staff    288  4月 29 14:24 __pycache__
drwxr-xr-x@ 11 czj  staff    352  4月 29 14:23 .
drwxr-xr-x@ 16 czj  staff    512  4月 29 07:53 ..
-rw-r--r--@  1 czj  staff    159  3月 11 17:38 base.py
drwxr-xr-x@ 12 czj  staff    384  4月 29 14:23 builtins
-rw-r--r--@  1 czj  staff    365  3月 11 16:57 constants.py
-rw-r--r--@  1 czj  staff   6786  4月 29 14:23 loader.py
-rw-r--r--@  1 czj  staff  14757  4月 28 20:58 presentation.py
-rw-r--r--@  1 czj  staff    150  3月 11 17:38 registry.py
-rw-r--r--@  1 czj  staff  22563  4月 29 14:23 safety.py

src/agent/products/local_coding:
total 40
-rw-r--r--@  1 czj  staff   125  3月 11 16:57 __init__.py
drwxr-xr-x@  7 czj  staff   224  4月 29 14:24 __pycache__
drwxr-xr-x@ 11 czj  staff   352  4月 29 14:23 .
drwxr-xr-x@  7 czj  staff   224  4月 23 19:49 ..
-rw-r--r--@  1 czj  staff   576  3月 11 16:57 defaults.py
drwxr-xr-x@  4 czj  staff   128  4月 23 19:49 hooks
-rw-r--r--@  1 czj  staff  1217  3月 11 16:57 profile.py
-rw-r--r--@  1 czj  staff   170  3月 11 16:57 prompts.py
drwxr-xr-x@  3 czj  staff    96  3月 11 17:21 skills
drwxr-xr-x@  3 czj  staff    96  3月 11 17:21 tools
-rw-r--r--@  1 czj  staff   222  4月 29 14:23 toolsets.py

src/agent/products/personal_assistant:
total 40
-rw-r--r--@  1 czj  staff   143  3月 11 16:57 __init__.py
drwxr-xr-x@  7 czj  staff   224  4月 29 14:24 __pycache__
drwxr-xr-x@ 11 czj  staff   352  4月 29 14:23 .
drwxr-xr-x@  7 czj  staff   224  4月 23 19:49 ..
-rw-r--r--@  1 czj  staff   721  3月 15 00:03 defaults.py
drwxr-xr-x@  6 czj  staff   192  4月 23 19:49 hooks
-rw-r--r--@  1 czj  staff  1295  3月 11 16:57 profile.py
-rw-r--r--@  1 czj  staff  3797  4月 29 14:23 prompts.py
drwxr-xr-x@  3 czj  staff    96  3月 11 17:21 skills
drwxr-xr-x@  6 czj  staff   192  4月 23 23:25 tools
-rw-r--r--@  1 czj  staff   258  4月 29 14:23 toolsets.py
