# Background task b6276b74456f68cba — output will appear here
./test_dup_fixed.py
./generate_x.py
./LOGBOOK.md
./TASKS/M75-多产品架构重构二期配置目录路径解析收口.md
./TASKS/M22-上下文预算可视化（实时显示与阈值提示）.md
./TASKS/M88-零残留-canonicalization-删除剩余-legacy-package-roots.md
./TASKS/M111-Gateway-运行时装配为真正常驻进程.md
./TASKS/M53-CLI可靠性与性能门禁强化（长会话-高频事件）.md
./TASKS/M136-Web-IM-群聊真实创建与多-Agent-行为收口.md
./TASKS/M134-web-im-agent-config-real-api.md
./TASKS/M77-personal-assistant-profile.md
./TASKS/M171-修复 canonical 运行态 agent 列表为空导致群聊无法创建.md
./TASKS/M108-REPL-粘贴与退出语义修复.md
./TASKS/M143-usage指标正确性与群聊按Agent可视化.md
./TASKS/M318-show-per-message-timestamps.md
./TASKS/M115-Gateway默认workspace与内部kernel配置收口.md
./TASKS/M223-agent-settings-visual-polish.md
./TASKS/M319-fix-stale-and-gradually-refreshing-conversation-previews.md
./TASKS/M148-live-acceptance-im-sync-residuals.md
./TASKS/M322-fix-stale-node-status-and-chat-availability.md
./TASKS/M242-group-relay-sender-label.md
./TASKS/M155-Agent-设置页商业化表单与反馈打磨.md
./TASKS/M131-gateway-stop-command.md
./TASKS/M139-worktree-dev-tasks-symlink-与调度卫生收口.md
./TASKS/M251-retry-loop-下沉到-loop.md
./TASKS/M177-agent-allowlist-selectorization.md
./TASKS/M163-修复真实群聊浏览器mention规范化与多Agent路由.md
./TASKS/M144-settings-center-真实-api-收口.md
./TASKS/M236-session-metadata-to-hookcontext.md
./TASKS/m29_comment_contract_check.py
./TASKS/M138-主-Agent与Heartbeat汇报链路产品化.md
./TASKS/M16-发布前硬化与回放审计验收.md
./TASKS/M214-stabilize-m170-rerun.md
./TASKS/M249-chat-history-persistence.md
./TASKS/M246-群聊buffer消息结构化.md
./TASKS/M240-群聊消息显示发送者名称.md
./TASKS/M58-工具契约对齐-edit-write返回字符串格式.md
./TASKS/M103-IM-Gateway-端到端集成.md
./TASKS/M26-CLI模块化收口（门禁回归与边界固化）.md
./TASKS/M48-输入子系统重构（二级目录+状态机+重绘闸门）.md
./TASKS/M248-session-binding-sqlite.md
./TASKS/M226-config-model-yaml.md
./TASKS/M43-CLI发布级界面收口（低噪声+可读状态线+命令交互收敛）.md
./TASKS/M112-真实进程级联调与操作手册.md
./TASKS/M215-dist-refresh-and-copy-fix.md
./TASKS/M46-CLI工具流去重与文案一致性收口（实跑观感修复）.md
./TASKS/M25-CLI模块化重构二期（事件渲染预算错误处理分层）.md
./TASKS/M252-fix-agent-policies.md
./TASKS/M23-交互体验收口与门禁回归.md
./TASKS/M160-修复群聊创建参与者选择器显示与可操作性.md
