# Background task b8f81a194bdad4f70 — output will appear here
"PROGRESS/M29-\346\263\250\351\207\212\350\241\245\351\275\220B-tools-hooks-skills-session.md"
PROGRESS/M91-cli-core-tools-layering.md
"TASKS/M29-\346\263\250\351\207\212\350\241\245\351\275\220B-tools-hooks-skills-session.md"
TASKS/M91-cli-core-tools-layering.md
docs/changes/feat-334-tool-result-budget/M1-core-compressor/tasks.md
docs/changes/feat-334-tool-result-budget/M2-loop-integration/tasks.md
docs/changes/feat-334-tool-result-budget/M3-bash-file-mode/tasks.md
docs/changes/feat-334-tool-result-budget/acceptance.md
docs/changes/feat-334-tool-result-budget/design.md
docs/changes/feat-334-tool-result-budget/spec.md
docs/changes/feat-335-streaming-tool-executor/M1-foundation/progress.md
docs/changes/feat-335-streaming-tool-executor/M1-foundation/tasks.md
docs/changes/feat-335-streaming-tool-executor/M2-provider-streaming/tasks.md
docs/changes/feat-335-streaming-tool-executor/M3-streaming-tool-executor/tasks.md
docs/changes/feat-335-streaming-tool-executor/M4-agent-loop-streaming/tasks.md
docs/changes/feat-335-streaming-tool-executor/M5-http-api-transition/tasks.md
docs/changes/feat-335-streaming-tool-executor/M6-test-migration/tasks.md
docs/changes/feat-335-streaming-tool-executor/design.md
docs/changes/feat-335-streaming-tool-executor/spec.md
docs/tools-diff-cc/architectural-gaps.md
docs/tools-diff-cc/bash.md
docs/tools-diff-cc/edit.md
docs/tools-diff-cc/read-dedup-design.md
docs/tools-diff-cc/read.md
docs/tools-diff-cc/session-file-state-design.md
docs/tools-diff-cc/task.md
docs/tools-diff-cc/web_fetch-prompt-processing-design.md
docs/tools-diff-cc/web_fetch.md
docs/tools-diff-cc/write.md
src/agent/core/agent/tool_executor.py
src/agent/core/tools/__init__.py
src/agent/core/tools/base.py
src/agent/core/tools/presentation.py
src/agent/core/tools/registry.py
src/agent/core/tools/result_budget.py
src/agent/core/tools/safety_types.py
src/agent/core/tools/serialization.py
src/agent/core/tools/session_file_state.py
src/agent/platform/http_api/routes/tool.py
src/agent/platform/tools/__init__.py
src/agent/platform/tools/base.py
src/agent/platform/tools/builtins/__init__.py
src/agent/platform/tools/builtins/bash.py
src/agent/platform/tools/builtins/edit.py
src/agent/platform/tools/builtins/read.py
src/agent/platform/tools/builtins/task.py
src/agent/platform/tools/builtins/web_fetch.py
src/agent/platform/tools/builtins/write.py
src/agent/platform/tools/constants.py
src/agent/platform/tools/loader.py
src/agent/platform/tools/presentation.py
src/agent/platform/tools/registry.py
src/agent/platform/tools/safety.py
src/agent/products/local_coding/tools/__init__.py
src/agent/products/local_coding/toolsets.py
src/agent/products/personal_assistant/tools/__init__.py
src/agent/products/personal_assistant/tools/send_message.py
src/agent/products/personal_assistant/tools/web_search.py
src/agent/products/personal_assistant/toolsets.py
src/coding_cli/render/repl_tool_lines.py
tests/contract/test_task_tool_contract.py
tests/contract/test_tools_bash_contract.py
tests/contract/test_tools_contract.py
tests/contract/test_tools_read_contract.py
tests/e2e/test_task_tool_blocking_e2e.py
tests/e2e/test_task_tool_non_blocking_e2e.py
tests/e2e/test_tools_list_e2e.py
tests/integration/test_hooks_runtime_tools_integration.py
tests/integration/test_m8_agent_tool_hook_r81_integration.py
tests/integration/test_tools_bash_integration.py
tests/integration/test_tools_read_integration.py
tests/integration/test_tools_registry_loader_integration.py
tests/unit/personal_assistant/test_send_message_tool.py
tests/unit/platform/tools/test_presentation.py
tests/unit/platform/tools/test_presentation_cap.py
tests/unit/test_core_tools_location.py
tests/unit/test_platform_tools_location.py
tests/unit/test_repl_tool_lines.py
tests/unit/test_resolved_product_config_default_tool_ids.py
tests/unit/test_runtime_tool_allowlist_filtering.py
tests/unit/test_streaming_tool_executor.py
tests/unit/test_task_tool_blocking.py
tests/unit/test_task_tool_non_blocking.py
tests/unit/test_task_tool_schema.py
tests/unit/test_task_tool_with_resolver.py
tests/unit/test_tool_loader_with_resolver.py
tests/unit/test_tool_result_budget.py
tests/unit/test_tool_safety_policy.py
tests/unit/test_tools_builtins.py
