# Background task bf51437202dbd3c87 — output will appear here
src/IM/__init__.py
src/IM/api/__init__.py
src/IM/api/deps.py
src/IM/api/routes/__init__.py
src/IM/api/routes/account.py
src/IM/api/routes/agents.py
src/IM/api/routes/messages.py
src/IM/api/routes/metrics.py
src/IM/api/routes/nodes.py
src/IM/api/routes/policies.py
src/IM/api/routes/users.py
src/IM/api/routes/web_im.py
src/IM/app.py
src/IM/application/__init__.py
src/IM/application/bind_service.py
src/IM/application/config_service.py
src/IM/application/event_service.py
src/IM/application/metrics_service.py
src/IM/application/node_service.py
src/IM/application/policy_service.py
src/IM/application/relay_service.py
src/IM/application/user_service.py
src/IM/application/web_im_service.py
src/IM/domain/__init__.py
src/IM/domain/models.py
src/IM/frontend/.gitignore
src/IM/frontend/README.md
src/IM/frontend/index.html
src/IM/frontend/package-lock.json
src/IM/frontend/package.json
src/IM/frontend/public/favicon.svg
src/IM/frontend/src/app/App.test.tsx
src/IM/frontend/src/app/App.tsx
src/IM/frontend/src/app/distribution-contract.test.ts
src/IM/frontend/src/app/index-html.test.ts
src/IM/frontend/src/app/providers.tsx
src/IM/frontend/src/app/router.test.tsx
src/IM/frontend/src/app/router.tsx
src/IM/frontend/src/components/workspace-tabs.tsx
src/IM/frontend/src/features/chat/bind-confirm-page.tsx
src/IM/frontend/src/features/chat/chat-api.test.ts
src/IM/frontend/src/features/chat/chat-api.ts
src/IM/frontend/src/features/chat/chat-detail-page.tsx
src/IM/frontend/src/features/chat/chat-layout.test.tsx
src/IM/frontend/src/features/chat/chat-overview-page.tsx
src/IM/frontend/src/features/chat/chat-routes.test.tsx
src/IM/frontend/src/features/chat/chat-workspace-page.test.ts
src/IM/frontend/src/features/chat/chat-workspace-page.tsx
src/IM/frontend/src/features/chat/components/conversation-list-layout.test.tsx
src/IM/frontend/src/features/chat/components/conversation-list.tsx
src/IM/frontend/src/features/chat/components/in-app-toast.test.tsx
src/IM/frontend/src/features/chat/components/in-app-toast.tsx
src/IM/frontend/src/features/chat/components/message-pane.test.tsx
src/IM/frontend/src/features/chat/components/message-pane.tsx
src/IM/frontend/src/features/chat/hooks/use-global-message-toast.test.tsx
src/IM/frontend/src/features/chat/hooks/use-global-message-toast.ts
src/IM/frontend/src/features/chat/im-chat-api.test.ts
src/IM/frontend/src/features/chat/im-chat-api.ts
src/IM/frontend/src/features/chat/mock-chat-api.ts
src/IM/frontend/src/features/chat/types.ts
src/IM/frontend/src/features/settings/account/account-page.test.tsx
src/IM/frontend/src/features/settings/account/account-page.tsx
src/IM/frontend/src/features/settings/agents/agent-create-page.tsx
src/IM/frontend/src/features/settings/agents/agent-create.test.tsx
src/IM/frontend/src/features/settings/agents/agent-detail-page.test.tsx
src/IM/frontend/src/features/settings/agents/agent-detail-page.tsx
src/IM/frontend/src/features/settings/agents/agent-edit.test.tsx
src/IM/frontend/src/features/settings/agents/agents-list-mobile.test.tsx
src/IM/frontend/src/features/settings/agents/agents-list-page.tsx
src/IM/frontend/src/features/settings/agents/allowlist-selector.test.tsx
src/IM/frontend/src/features/settings/agents/allowlist-selector.tsx
src/IM/frontend/src/features/settings/agents/im-agent-config-api.ts
src/IM/frontend/src/features/settings/im-settings-api.ts
src/IM/frontend/src/features/settings/mock-settings-api.ts
src/IM/frontend/src/features/settings/nodes/nodes-page.test.tsx
src/IM/frontend/src/features/settings/nodes/nodes-page.tsx
src/IM/frontend/src/features/settings/placeholders.tsx
src/IM/frontend/src/features/settings/policies/policies-page.test.tsx
src/IM/frontend/src/features/settings/policies/policies-page.tsx
src/IM/frontend/src/features/settings/settings-mock-contract.test.ts
src/IM/frontend/src/features/settings/settings-page-shell.tsx
src/IM/frontend/src/features/settings/settings-scroll-layout.test.tsx
src/IM/frontend/src/features/settings/settings-shell-mobile.test.tsx
src/IM/frontend/src/hooks/use-is-mobile.ts
src/IM/frontend/src/main.tsx
src/IM/frontend/src/state/ui-store.ts
src/IM/frontend/src/styles/global.css
src/IM/frontend/src/test/render-router.tsx
src/IM/frontend/src/test/setup.ts
src/IM/frontend/tsconfig.app.json
src/IM/frontend/tsconfig.json
src/IM/frontend/vite.config.ts
src/IM/infra/__init__.py
src/IM/infra/db.py
src/IM/infra/repositories.py
src/IM/models.py
src/IM/repositories.py
src/IM/ws/__init__.py
src/IM/ws/gateway_handler.py
src/IM/ws/user_stream.py
