# Background task b08f480c0e6b39c5b — output will appear here
/Users/czj/Repos/nano-multiagent/test_dup_fixed.py
/Users/czj/Repos/nano-multiagent/generate_x.py
/Users/czj/Repos/nano-multiagent/TASKS/m29_comment_contract_check.py
/Users/czj/Repos/nano-multiagent/test_detail.py
/Users/czj/Repos/nano-multiagent/transform_stubs.py
/Users/czj/Repos/nano-multiagent/tests/im_service/unit/test_nodes_metrics_repositories.py
/Users/czj/Repos/nano-multiagent/tests/im_service/unit/test_app_factory.py
/Users/czj/Repos/nano-multiagent/tests/im_service/unit/test_event_repository.py
/Users/czj/Repos/nano-multiagent/tests/im_service/unit/test_message_repo.py
/Users/czj/Repos/nano-multiagent/tests/im_service/unit/__init__.py
/Users/czj/Repos/nano-multiagent/tests/im_service/unit/test_repositories.py
/Users/czj/Repos/nano-multiagent/tests/im_service/unit/test_relay_service.py
/Users/czj/Repos/nano-multiagent/tests/im_service/unit/test_db_init.py
/Users/czj/Repos/nano-multiagent/tests/im_service/unit/test_gateway_handler.py
/Users/czj/Repos/nano-multiagent/tests/im_service/contract/test_agent_config_contract.py
/Users/czj/Repos/nano-multiagent/tests/im_service/contract/test_messages_contract.py
/Users/czj/Repos/nano-multiagent/tests/im_service/contract/test_agent_create_contract.py
/Users/czj/Repos/nano-multiagent/tests/im_service/contract/__init__.py
/Users/czj/Repos/nano-multiagent/tests/im_service/contract/test_settings_policies_contract.py
/Users/czj/Repos/nano-multiagent/tests/im_service/contract/test_chat_flow_contract.py
/Users/czj/Repos/nano-multiagent/tests/im_service/contract/test_events_contract.py
/Users/czj/Repos/nano-multiagent/tests/im_service/contract/test_gateway_protocol_contract.py
/Users/czj/Repos/nano-multiagent/tests/im_service/contract/test_account_binding_contract.py
/Users/czj/Repos/nano-multiagent/tests/im_service/integration/test_settings_policies_api.py
/Users/czj/Repos/nano-multiagent/tests/im_service/integration/test_events_sse_api.py
/Users/czj/Repos/nano-multiagent/tests/im_service/integration/test_account_binding_api.py
/Users/czj/Repos/nano-multiagent/tests/im_service/integration/test_agent_create_flow.py
/Users/czj/Repos/nano-multiagent/tests/im_service/integration/test_chat_flow_integration.py
/Users/czj/Repos/nano-multiagent/tests/im_service/integration/test_agent_config_api.py
/Users/czj/Repos/nano-multiagent/tests/im_service/integration/test_m136_group_chat_flow.py
