# Background task b99545037a2fc1e62 — output will appear here
/Users/czj/Repos/nano-multiagent/src/agent:
total 24
-rw-r--r--@  1 czj  staff    71  3月 11 16:57 __init__.py
drwxr-xr-x@  3 czj  staff    96  4月 23 19:49 __pycache__
drwxr-xr-x@  8 czj  staff   256  4月 23 19:49 .
drwxr-xr-x@  8 czj  staff   256  4月  9 16:37 ..
-rw-r--r--@  1 czj  staff  6148  4月  9 16:37 .DS_Store
drwxr-xr-x@ 17 czj  staff   544  4月 29 07:44 core
drwxr-xr-x@ 16 czj  staff   512  4月 29 07:53 platform
drwxr-xr-x@  7 czj  staff   224  4月 23 19:49 products

/Users/czj/Repos/nano-multiagent/src/coding_cli:
total 224
-rw-r--r--@  1 czj  staff    536  3月 11 17:38 __init__.py
drwxr-xr-x@ 12 czj  staff    384  4月 29 15:19 __pycache__
drwxr-xr-x@ 18 czj  staff    576  4月 29 15:19 .
drwxr-xr-x@  8 czj  staff    256  4月  9 16:37 ..
-rw-r--r--@  1 czj  staff   6148  4月  9 16:37 .DS_Store
-rw-r--r--@  1 czj  staff  13755  4月 28 23:21 client.py
-rw-r--r--@  1 czj  staff  41129  4月 29 15:19 commands.py
drwxr-xr-x@  6 czj  staff    192  4月 29 00:49 events
drwxr-xr-x@  6 czj  staff    192  4月 29 15:19 input
-rw-r--r--@  1 czj  staff    446  3月 19 11:23 kernel_app.py
-rw-r--r--@  1 czj  staff    180  4月 17 17:01 main.py
-rw-r--r--@  1 czj  staff   7785  4月 17 16:56 managed_server.py
-rw-r--r--@  1 czj  staff   3191  3月 11 17:38 release_observability.py
-rw-r--r--@  1 czj  staff   4255  4月 14 19:53 release_playbook.py
drwxr-xr-x@ 11 czj  staff    352  4月 29 10:20 render
drwxr-xr-x@  5 czj  staff    160  4月 23 19:49 runtime
-rw-r--r--@  1 czj  staff   4828  4月 29 08:34 session_stream.py
-rw-r--r--@  1 czj  staff   1486  4月 28 22:20 text_runner.py
