# Background task b189e13f3fd9258ce — output will appear here
total 200
-rw-r--r--@  1 czj  staff    536  3月 11 17:38 __init__.py
drwxr-xr-x@ 12 czj  staff    384  4月 29 08:44 __pycache__
drwxr-xr-x@ 18 czj  staff    576  4月 29 08:44 .
drwxr-xr-x@  8 czj  staff    256  4月  9 16:37 ..
-rw-r--r--@  1 czj  staff   6148  4月  9 16:37 .DS_Store
-rw-r--r--@  1 czj  staff  13755  4月 28 23:21 client.py
-rw-r--r--@  1 czj  staff  32212  4月 29 08:44 commands.py
drwxr-xr-x@  6 czj  staff    192  4月 29 00:49 events
drwxr-xr-x@  6 czj  staff    192  4月 23 19:49 input
-rw-r--r--@  1 czj  staff    446  3月 19 11:23 kernel_app.py
-rw-r--r--@  1 czj  staff    180  4月 17 17:01 main.py
-rw-r--r--@  1 czj  staff   7785  4月 17 16:56 managed_server.py
-rw-r--r--@  1 czj  staff   3191  3月 11 17:38 release_observability.py
-rw-r--r--@  1 czj  staff   4255  4月 14 19:53 release_playbook.py
drwxr-xr-x@ 11 czj  staff    352  4月 29 08:44 render
drwxr-xr-x@  5 czj  staff    160  4月 23 19:49 runtime
-rw-r--r--@  1 czj  staff   4828  4月 29 08:34 session_stream.py
-rw-r--r--@  1 czj  staff   1486  4月 28 22:20 text_runner.py
total 72
-rw-r--r--@  1 czj  staff     38  3月  3 23:47 __init__.py
drwxr-xr-x@  5 czj  staff    160  4月 23 23:25 __pycache__
drwxr-xr-x@ 14 czj  staff    448  4月 23 23:25 .
drwxr-xr-x@  8 czj  staff    256  4月  9 16:37 ..
-rw-r--r--@  1 czj  staff   6148  4月  9 16:37 .DS_Store
drwxr-xr-x@  6 czj  staff    192  4月 23 23:25 api
-rw-r--r--@  1 czj  staff  14166  3月 27 18:17 app.py
drwxr-xr-x@ 13 czj  staff    416  4月 23 23:25 application
drwxr-xr-x@  5 czj  staff    160  4月 23 23:25 domain
drwxr-xr-x@ 20 czj  staff    640  3月 27 01:16 frontend
drwxr-xr-x@  6 czj  staff    192  4月 23 23:25 infra
-rw-r--r--@  1 czj  staff    393  3月 11 19:31 models.py
-rw-r--r--@  1 czj  staff    690  3月 13 17:25 repositories.py
drwxr-xr-x@  6 czj  staff    192  4月 23 23:25 ws
total 192
-rw-r--r--@  1 czj  staff     42  3月 11 19:00 __init__.py
drwxr-xr-x@  6 czj  staff    192  4月 29 00:23 __pycache__
drwxr-xr-x@ 15 czj  staff    480  4月 23 23:25 .
drwxr-xr-x@  8 czj  staff    256  4月  9 16:37 ..
-rw-r--r--@  1 czj  staff   8196  4月  9 16:37 .DS_Store
drwxr-xr-x@  6 czj  staff    192  4月 23 23:25 channels
drwxr-xr-x@  5 czj  staff    160  4月 28 23:21 client
drwxr-xr-x@  6 czj  staff    192  4月 23 23:25 config
drwxr-xr-x@ 12 czj  staff    384  4月 29 01:05 gateway
-rw-r--r--@  1 czj  staff    524  3月 19 11:23 kernel_app.py
-rw-r--r--@  1 czj  staff  71642  3月 27 18:28 main.py
drwxr-xr-x@  4 czj  staff    128  4月 23 23:25 reporter
drwxr-xr-x@  5 czj  staff    160  4月 28 23:20 scheduler
-rw-r--r--@  1 czj  staff   3866  3月 12 11:41 smoke_runtime.py
drwxr-xr-x@  4 czj  staff    128  4月 23 23:25 ws
