# Background task b23553dbcbdaecb0b — output will appear here
"PROGRESS/M29-\346\263\250\351\207\212\350\241\245\351\275\220B-tools-hooks-skills-session.md"
PROGRESS/M91-cli-core-tools-layering.md
"TASKS/M29-\346\263\250\351\207\212\350\241\245\351\275\220B-tools-hooks-skills-session.md"
TASKS/M91-cli-core-tools-layering.md
docs/changes/feat-334-tool-result-budget/M1-core-compressor/tasks.md
docs/changes/feat-334-tool-result-budget/M2-loop-integration/tasks.md
docs/changes/feat-334-tool-result-budget/M3-bash-file-mode/tasks.md
docs/changes/feat-334-tool-result-budget/acceptance.md
docs/changes/feat-334-tool-result-budget/design.md
docs/changes/feat-334-tool-result-budget/spec.md
docs/changes/feat-335-streaming-tool-executor/M1-foundation/progress.md
docs/changes/feat-335-streaming-tool-executor/M1-foundation/tasks.md
docs/changes/feat-335-streaming-tool-executor/M2-provider-streaming/tasks.md
docs/changes/feat-335-streaming-tool-executor/M3-streaming-tool-executor/tasks.md
docs/changes/feat-335-streaming-tool-executor/M4-agent-loop-streaming/tasks.md
docs/changes/feat-335-streaming-tool-executor/M5-http-api-transition/tasks.md
docs/changes/feat-335-streaming-tool-executor/M6-test-migration/tasks.md
docs/changes/feat-335-streaming-tool-executor/design.md
docs/changes/feat-335-streaming-tool-executor/spec.md
docs/tools-diff-cc/architectural-gaps.md
docs/tools-diff-cc/bash.md
docs/tools-diff-cc/edit.md
docs/tools-diff-cc/read-dedup-design.md
docs/tools-diff-cc/read.md
docs/tools-diff-cc/session-file-state-design.md
docs/tools-diff-cc/task.md
docs/tools-diff-cc/web_fetch-prompt-processing-design.md
docs/tools-diff-cc/web_fetch.md
docs/tools-diff-cc/write.md
src/agent/core/agent/tool_executor.py
src/agent/core/tools/__init__.py
src/agent/core/tools/base.py
src/agent/core/tools/presentation.py
src/agent/core/tools/registry.py
src/agent/core/tools/result_budget.py
src/agent/core/tools/safety_types.py
src/agent/core/tools/serialization.py
src/agent/core/tools/session_file_state.py
src/agent/platform/http_api/routes/tool.py
src/agent/platform/tools/__init__.py
src/agent/platform/tools/base.py
src/agent/platform/tools/builtins/__init__.py
src/agent/platform/tools/builtins/bash.py
src/agent/platform/tools/builtins/edit.py
src/agent/platform/tools/builtins/read.py
src/agent/platform/tools/builtins/task.py
src/agent/platform/tools/builtins/web_fetch.py
src/agent/platform/tools/builtins/write.py
src/agent/platform/tools/constants.py
src/agent/platform/tools/loader.py
