# Background task b35c871e00e766f19 — output will appear here
./tests/unit/test_agent_tool_schema.py
./tests/unit/test_tool_loader_with_resolver.py
./tests/unit/test_resolved_product_config_default_tool_ids.py
./tests/unit/test_runtime_tool_allowlist_filtering.py
./tests/unit/test_task_tool_non_blocking.py
./tests/unit/test_tool_result_budget.py
./tests/unit/test_platform_tools_location.py
./tests/unit/test_streaming_tool_executor.py
./tests/unit/test_repl_tool_lines.py
./tests/unit/platform/tools/test_presentation.py
./tests/unit/platform/tools/test_presentation_cap.py
./tests/unit/agent/tools/test_safety_background.py
./tests/unit/agent/tools/__init__.py
./tests/unit/agent/tools/test_agent_tool.py
./tests/unit/agent/tools/test_bash_tool.py
./tests/unit/test_task_tool_with_resolver.py
./tests/unit/test_tools_builtins.py
./tests/unit/personal_assistant/test_send_message_tool.py
./tests/unit/test_core_tools_location.py
./tests/unit/test_task_tool_blocking.py
./tests/unit/test_tool_safety_policy.py
./tests/contract/test_tools_contract.py
./tests/contract/test_tools_bash_contract.py
./tests/contract/test_task_tool_contract.py
./tests/contract/test_tools_read_contract.py
./tests/integration/test_tools_bash_integration.py
./tests/integration/test_m8_agent_tool_hook_r81_integration.py
./tests/integration/test_tools_read_integration.py
./tests/integration/test_hooks_runtime_tools_integration.py
./tests/integration/test_tools_registry_loader_integration.py
