# Background task b81a616ee62346b00 — output will appear here
src/coding_cli/.DS_Store
src/coding_cli/input/__init__.py
src/coding_cli/input/__pycache__/repl_commands.cpython-312.pyc
src/coding_cli/input/__pycache__/repl_input.cpython-312.pyc
src/coding_cli/input/__pycache__/__init__.cpython-312.pyc
src/coding_cli/input/repl_commands.py
src/coding_cli/input/repl_input.py
src/coding_cli/session_stream.py
src/coding_cli/kernel_app.py
src/coding_cli/text_runner.py
src/coding_cli/client.py
src/coding_cli/runtime/repl_runtime.py
src/coding_cli/runtime/__init__.py
src/coding_cli/runtime/__pycache__/repl_runtime.cpython-312.pyc
src/coding_cli/runtime/__pycache__/__init__.cpython-312.pyc
src/coding_cli/release_playbook.py
src/coding_cli/render/repl_live.py
src/coding_cli/render/turn_usage.py
src/coding_cli/render/__init__.py
src/coding_cli/render/repl_render.py
src/coding_cli/render/context_budget.py
src/coding_cli/render/__pycache__/repl_tool_lines.cpython-312.pyc
src/coding_cli/render/__pycache__/context_budget.cpython-312.pyc
src/coding_cli/render/__pycache__/turn_usage.cpython-312.pyc
src/coding_cli/render/__pycache__/error_presenter.cpython-312.pyc
src/coding_cli/render/__pycache__/repl_summary.cpython-312.pyc
src/coding_cli/render/__pycache__/repl_live.cpython-312.pyc
src/coding_cli/render/__pycache__/repl_render.cpython-312.pyc
src/coding_cli/render/__pycache__/__init__.cpython-312.pyc
src/coding_cli/render/error_presenter.py
src/coding_cli/render/repl_summary.py
src/coding_cli/render/repl_tool_lines.py
src/coding_cli/__init__.py
src/coding_cli/__pycache__/main.cpython-312.pyc
src/coding_cli/__pycache__/text_runner.cpython-312.pyc
src/coding_cli/__pycache__/release_playbook.cpython-312.pyc
src/coding_cli/__pycache__/client.cpython-312.pyc
src/coding_cli/__pycache__/kernel_app.cpython-312.pyc
src/coding_cli/__pycache__/managed_server.cpython-312.pyc
src/coding_cli/__pycache__/commands.cpython-312.pyc
src/coding_cli/__pycache__/release_observability.cpython-312.pyc
src/coding_cli/__pycache__/__init__.cpython-312.pyc
src/coding_cli/__pycache__/session_stream.cpython-312.pyc
src/coding_cli/release_observability.py
src/coding_cli/events/repl_events.py
src/coding_cli/events/__init__.py
src/coding_cli/events/__pycache__/event_pipeline.cpython-312.pyc
src/coding_cli/events/__pycache__/__init__.cpython-312.pyc
src/coding_cli/events/__pycache__/repl_events.cpython-312.pyc
src/coding_cli/events/event_pipeline.py
